Component: ARM Compiler 5.05 update 1 (build 106) Tool: armlink [4d0efa]

==============================================================================

Section Cross References

    example.o(RESET) refers to example.o(STACK) for __initial_sp


==============================================================================

Image Symbol Table

    Local Symbols

    Symbol Name                              Value     Ov Type        Size  Object(Section)

    example.s                                0x00000000   Number         0  example.o ABSOLUTE
    RESET                                    0x08000000   Section       20  example.o(RESET)
    Vectors                                  0x08000000   Data           4  example.o(RESET)
    $v0                                      0x08000004   Number         0  example.o(RESET)
    STACK                                    0x20000000   Section       16  example.o(STACK)
    __initial_sp                             0x20000010   Data           0  example.o(STACK)

    Global Symbols

    Symbol Name                              Value     Ov Type        Size  Object(Section)

    BuildAttributes$$THM_ISAv4$E$P$D$K$B$S$7EM$VFPi3$EXTD16$VFPS$VFMA$PE$A:L22UL41UL21$X:L11$S22US41US21$IEEE1$IW$USESV6$~STKCKD$USESV7$~SHL$OSPACE$EBA8$STANDARDLIB$EABIv2 0x00000000   Number         0  anon$$obj.o ABSOLUTE



==============================================================================

Memory Map of the image

  Image entry point : Not specified.

  Load Region LR_IROM1 (Base: 0x08000000, Size: 0x00000024, Max: 0x00100000, ABSOLUTE)

    Execution Region ER_IROM1 (Base: 0x08000000, Size: 0x00000014, Max: 0x00100000, ABSOLUTE)

    Base Addr    Size         Type   Attr      Idx    E Section Name        Object

    0x08000000   0x00000014   Code   RO            2    RESET               example.o


    Execution Region RW_IRAM1 (Base: 0x20000000, Size: 0x00000010, Max: 0x00020000, ABSOLUTE)

    Base Addr    Size         Type   Attr      Idx    E Section Name        Object

    0x20000000   0x00000010   Data   RW            1    STACK               example.o


==============================================================================

Image component sizes


      Code (inc. data)   RO Data    RW Data    ZI Data      Debug   Object Name

        20          8          0         16          0        256   example.o

    ----------------------------------------------------------------------
        20          8          0         16          0        256   Object Totals
         0          0          0          0          0          0   (incl. Generated)
         0          0          0          0          0          0   (incl. Padding)

    ----------------------------------------------------------------------
         0          0          0          0          0          0   Library Totals
         0          0          0          0          0          0   (incl. Padding)

    ----------------------------------------------------------------------

==============================================================================


      Code (inc. data)   RO Data    RW Data    ZI Data      Debug   

        20          8          0         16          0        256   Grand Totals
        20          8          0         16          0        256   ELF Image Totals
        20          8          0         16          0          0   ROM Totals

==============================================================================

    Total RO  Size (Code + RO Data)                   20 (   0.02kB)
    Total RW  Size (RW Data + ZI Data)                16 (   0.02kB)
    Total ROM Size (Code + RO Data + RW Data)         36 (   0.04kB)

==============================================================================

