


ARM Macro Assembler    Page 1 


    1 00000000                 PRESERVE8
    2 00000000                 AREA             RESET,CODE,READONLY
    3 00000000         ENTRY
    4 00000000                 IMPORT           CAL
    5 00000000 F8DF D014       LDR              SP, =0x20000460
    6 00000004 F04F 0001       MOV              R0, #1
    7 00000008 F04F 0102       MOV              R1, #2
    8 0000000C F7FF FFFE       BL               CAL
    9 00000010 F04F 5400       LDR              R4, =0x20000000
   10 00000014 6020            STR              R0, [R4]
   11 00000016         END
                       
              00 00 20000460 
Command Line: --debug --xref --diag_suppress=9931 --cpu=Cortex-M4.fp --apcs=int
erwork --depend=.\objects\main.d -o.\objects\main.o -I.\RTE\_asm -IC:\Keil_v5\A
RM\PACK\Keil\STM32F4xx_DFP\1.0.8\Device\Include -IC:\Keil_v5\ARM\CMSIS\Include 
--predefine="__EVAL SETA 1" --predefine="__UVISION_VERSION SETA 526" --predefin
e="STM32F40_41xxx SETA 1" --list=.\listings\main.lst main.s



ARM Macro Assembler    Page 1 Alphabetic symbol ordering
Relocatable symbols

END 00000016

Symbol: END
   Definitions
      At line 11 in file main.s
   Uses
      None
Comment: END unused
ENTRY 00000000

Symbol: ENTRY
   Definitions
      At line 3 in file main.s
   Uses
      None
Comment: ENTRY unused
RESET 00000000

Symbol: RESET
   Definitions
      At line 2 in file main.s
   Uses
      None
Comment: RESET unused
3 symbols



ARM Macro Assembler    Page 1 Alphabetic symbol ordering
External symbols

CAL 00000000

Symbol: CAL
   Definitions
      At line 4 in file main.s
   Uses
      At line 8 in file main.s
Comment: CAL used once
1 symbol
340 symbols in table
