<html>
<body>
<pre>
<h1>礦ision Build Log</h1>
<h2>Tool Versions:</h2>
IDE-Version: μVision V5.26.2.0
Copyright (C) 2018 ARM Ltd and ARM Germany GmbH. All rights reserved.
License Information: Trojan ASUS, USTC, LIC=TIVNB-2QNFP-LQ30Q-NAMIN-IKFDK-PTBBE
 
Tool Versions:
Toolchain:       MDK-ARM Plus  Version: 5.26.2.0
Toolchain Path:  C:\Keil_v5\ARM\ARMCC\Bin
C Compiler:      Armcc.exe V5.06 update 6 (build 750)
Assembler:       Armasm.exe V5.06 update 6 (build 750)
Linker/Locator:  ArmLink.exe V5.06 update 6 (build 750)
Library Manager: ArmAr.exe V5.06 update 6 (build 750)
Hex Converter:   FromElf.exe V5.06 update 6 (build 750)
CPU DLL:         SARMCM3.DLL V5.26.2.0
Dialog DLL:      DCM.DLL V1.17.2.0
Target DLL:      Segger\JL2CM3.dll V2.99.31.0
Dialog DLL:      TCM.DLL V1.36.1.0
 
<h2>Project:</h2>
C:\Users\ASUS\Desktop\git\ustc_cyber_security\10 微机原理与嵌入式系统\exp\实验1 LED流水灯\USER\LED.uvprojx
Project File Date:  05/16/2022

<h2>Output:</h2>
*** Using Compiler 'V5.06 update 6 (build 750)', folder: 'C:\Keil_v5\ARM\ARMCC\Bin'
Rebuild target 'LED'
assembling startup_stm32f40_41xxx.s...
compiling main.c...
compiling stm32f4xx_gpio.c...
compiling stm32f4xx_usart.c...
compiling misc.c...
compiling stm32f4xx_it.c...
compiling sys.c...
compiling delay.c...
compiling stm32f4xx_flash.c...
compiling system_stm32f4xx.c...
compiling stm32f4xx_rcc.c...
linking...
Program Size: Code=1632 RO-data=424 RW-data=4 ZI-data=1636  
FromELF: creating hex file...
"..\OBJ\LED.axf" - 0 Error(s), 0 Warning(s).

<h2>Software Packages used:</h2>

Package Vendor: ARM
                http://www.keil.com/pack/ARM.CMSIS.5.4.0.pack
                ARM.CMSIS.5.4.0
                CMSIS (Cortex Microcontroller Software Interface Standard)

<h2>Collection of Component include folders:</h2>
  .\RTE\_LED
  C:\Keil_v5\ARM\PACK\ARM\CMSIS\5.4.0\Device\ARM\ARMCM4\Include

<h2>Collection of Component Files used:</h2>
Build Time Elapsed:  00:00:02
</pre>
</body>
</html>
